// Jest Snapshot v1, https://goo.gl/fbAQLP

exports[`should render ProgressWidget component 1`] = `
Object {
  "asFragment": [Function],
  "baseElement": <body>
    <div>
      <div
        class="bg-white rounded progress-widget p-2"
      >
        <div
          class="row"
        >
          <div
            class="col-6 col-md-6"
          >
            <h5>
              Total Orders
            </h5>
            <p
              class="content-color"
            >
              Last year expenses
            </p>
          </div>
          <div
            class="col-6 col-md-6 d-flex justify-content-end"
          >
            <div
              class="content-value"
            >
              $3M
            </div>
          </div>
        </div>
        <div
          class="row"
        >
          <div
            class="col-md-12"
          >
            <div
              class="progress"
            >
              <div
                aria-valuemax="100"
                aria-valuemin="0"
                aria-valuenow="65"
                class="progress-bar progress-bar-animated progress-bar-striped"
                role="progressbar"
                style="width: 65%;"
              />
            </div>
          </div>
        </div>
        <div
          class="d-flex justify-content-between content-color"
        >
          <div>
            YoY Growth
          </div>
          <div>
            100%
          </div>
        </div>
      </div>
    </div>
  </body>,
  "container": <div>
    <div
      class="bg-white rounded progress-widget p-2"
    >
      <div
        class="row"
      >
        <div
          class="col-6 col-md-6"
        >
          <h5>
            Total Orders
          </h5>
          <p
            class="content-color"
          >
            Last year expenses
          </p>
        </div>
        <div
          class="col-6 col-md-6 d-flex justify-content-end"
        >
          <div
            class="content-value"
          >
            $3M
          </div>
        </div>
      </div>
      <div
        class="row"
      >
        <div
          class="col-md-12"
        >
          <div
            class="progress"
          >
            <div
              aria-valuemax="100"
              aria-valuemin="0"
              aria-valuenow="65"
              class="progress-bar progress-bar-animated progress-bar-striped"
              role="progressbar"
              style="width: 65%;"
            />
          </div>
        </div>
      </div>
      <div
        class="d-flex justify-content-between content-color"
      >
        <div>
          YoY Growth
        </div>
        <div>
          100%
        </div>
      </div>
    </div>
  </div>,
  "debug": [Function],
  "findAllByAltText": [Function],
  "findAllByDisplayValue": [Function],
  "findAllByLabelText": [Function],
  "findAllByPlaceholderText": [Function],
  "findAllByRole": [Function],
  "findAllByTestId": [Function],
  "findAllByText": [Function],
  "findAllByTitle": [Function],
  "findByAltText": [Function],
  "findByDisplayValue": [Function],
  "findByLabelText": [Function],
  "findByPlaceholderText": [Function],
  "findByRole": [Function],
  "findByTestId": [Function],
  "findByText": [Function],
  "findByTitle": [Function],
  "getAllByAltText": [Function],
  "getAllByDisplayValue": [Function],
  "getAllByLabelText": [Function],
  "getAllByPlaceholderText": [Function],
  "getAllByRole": [Function],
  "getAllByTestId": [Function],
  "getAllByText": [Function],
  "getAllByTitle": [Function],
  "getByAltText": [Function],
  "getByDisplayValue": [Function],
  "getByLabelText": [Function],
  "getByPlaceholderText": [Function],
  "getByRole": [Function],
  "getByTestId": [Function],
  "getByText": [Function],
  "getByTitle": [Function],
  "queryAllByAltText": [Function],
  "queryAllByDisplayValue": [Function],
  "queryAllByLabelText": [Function],
  "queryAllByPlaceholderText": [Function],
  "queryAllByRole": [Function],
  "queryAllByTestId": [Function],
  "queryAllByText": [Function],
  "queryAllByTitle": [Function],
  "queryByAltText": [Function],
  "queryByDisplayValue": [Function],
  "queryByLabelText": [Function],
  "queryByPlaceholderText": [Function],
  "queryByRole": [Function],
  "queryByTestId": [Function],
  "queryByText": [Function],
  "queryByTitle": [Function],
  "rerender": [Function],
  "unmount": [Function],
}
`;
