// Jest Snapshot v1, https://goo.gl/fbAQLP

exports[`should render Menu component 1`] = `
Object {
  "asFragment": [Function],
  "baseElement": <body>
    <div>
      <nav
        class="navbar navbar-expand-lg navbar-light bg-nav-color"
      >
        <a
          class="navbar-brand"
          href="#"
        >
          Dashboard UI
        </a>
        <button
          aria-controls="basic-navbar-nav"
          aria-label="Toggle navigation"
          class="navbar-toggler collapsed"
          type="button"
        >
          <span
            class="navbar-toggler-icon"
          />
        </button>
        <div
          class="navbar-collapse collapse"
          id="basic-navbar-nav"
        >
          <div
            class="navbar-nav ml-auto navbar-nav"
          >
            <a
              class="nav-link"
              data-rb-event-key="#"
              href="#"
              role="button"
            >
              Dashboard
            </a>
            <a
              class="nav-link"
              data-rb-event-key="#"
              href="#"
              role="button"
            >
              Overview
            </a>
            <a
              class="nav-link"
              data-rb-event-key="#"
              href="#"
              role="button"
            >
              Chat
            </a>
            <a
              class="nav-link"
              data-rb-event-key="#"
              href="#"
              role="button"
            >
              Team
            </a>
            <a
              class="nav-link"
              data-rb-event-key="#"
              href="#"
              role="button"
            >
              Tasks
            </a>
            <a
              class="nav-link"
              data-rb-event-key="#"
              href="#"
              role="button"
            >
              Reports
            </a>
            <a
              class="nav-link"
              data-rb-event-key="#"
              href="#"
              role="button"
            >
              Settings
            </a>
          </div>
        </div>
      </nav>
    </div>
  </body>,
  "container": <div>
    <nav
      class="navbar navbar-expand-lg navbar-light bg-nav-color"
    >
      <a
        class="navbar-brand"
        href="#"
      >
        Dashboard UI
      </a>
      <button
        aria-controls="basic-navbar-nav"
        aria-label="Toggle navigation"
        class="navbar-toggler collapsed"
        type="button"
      >
        <span
          class="navbar-toggler-icon"
        />
      </button>
      <div
        class="navbar-collapse collapse"
        id="basic-navbar-nav"
      >
        <div
          class="navbar-nav ml-auto navbar-nav"
        >
          <a
            class="nav-link"
            data-rb-event-key="#"
            href="#"
            role="button"
          >
            Dashboard
          </a>
          <a
            class="nav-link"
            data-rb-event-key="#"
            href="#"
            role="button"
          >
            Overview
          </a>
          <a
            class="nav-link"
            data-rb-event-key="#"
            href="#"
            role="button"
          >
            Chat
          </a>
          <a
            class="nav-link"
            data-rb-event-key="#"
            href="#"
            role="button"
          >
            Team
          </a>
          <a
            class="nav-link"
            data-rb-event-key="#"
            href="#"
            role="button"
          >
            Tasks
          </a>
          <a
            class="nav-link"
            data-rb-event-key="#"
            href="#"
            role="button"
          >
            Reports
          </a>
          <a
            class="nav-link"
            data-rb-event-key="#"
            href="#"
            role="button"
          >
            Settings
          </a>
        </div>
      </div>
    </nav>
  </div>,
  "debug": [Function],
  "findAllByAltText": [Function],
  "findAllByDisplayValue": [Function],
  "findAllByLabelText": [Function],
  "findAllByPlaceholderText": [Function],
  "findAllByRole": [Function],
  "findAllByTestId": [Function],
  "findAllByText": [Function],
  "findAllByTitle": [Function],
  "findByAltText": [Function],
  "findByDisplayValue": [Function],
  "findByLabelText": [Function],
  "findByPlaceholderText": [Function],
  "findByRole": [Function],
  "findByTestId": [Function],
  "findByText": [Function],
  "findByTitle": [Function],
  "getAllByAltText": [Function],
  "getAllByDisplayValue": [Function],
  "getAllByLabelText": [Function],
  "getAllByPlaceholderText": [Function],
  "getAllByRole": [Function],
  "getAllByTestId": [Function],
  "getAllByText": [Function],
  "getAllByTitle": [Function],
  "getByAltText": [Function],
  "getByDisplayValue": [Function],
  "getByLabelText": [Function],
  "getByPlaceholderText": [Function],
  "getByRole": [Function],
  "getByTestId": [Function],
  "getByText": [Function],
  "getByTitle": [Function],
  "queryAllByAltText": [Function],
  "queryAllByDisplayValue": [Function],
  "queryAllByLabelText": [Function],
  "queryAllByPlaceholderText": [Function],
  "queryAllByRole": [Function],
  "queryAllByTestId": [Function],
  "queryAllByText": [Function],
  "queryAllByTitle": [Function],
  "queryByAltText": [Function],
  "queryByDisplayValue": [Function],
  "queryByLabelText": [Function],
  "queryByPlaceholderText": [Function],
  "queryByRole": [Function],
  "queryByTestId": [Function],
  "queryByText": [Function],
  "queryByTitle": [Function],
  "rerender": [Function],
  "unmount": [Function],
}
`;
