// Vitest Snapshot v1, https://vitest.dev/guide/snapshot.html

exports[`should render DashboardOverviewSection component 1`] = `
{
  "asFragment": [Function],
  "baseElement": <body>
    <div>
      <div
        class="row no-gutters"
        style="background: rgb(11, 61, 127); height: 250px; align-items: center;"
      >
        <div
          class="col-md-12"
        >
          <div
            class="row no-gutters"
          >
            <div
              class="col-md-12 mt-2"
            >
              <div
                class="row no-gutters justify-content-center m-3"
              >
                <div
                  class="col-md-8 text-center"
                >
                  <h2
                    class="text-white"
                  >
                    Dashboards
                  </h2>
                </div>
              </div>
              <div
                class="row no-gutters justify-content-center mb-2 text-white text-center"
              >
                <div
                  class="col-md-8 col-11"
                >
                  This is a powerful, flexible and easily customizable business intelligence tool for data analysis. Dashboards is the best solution for displaying metrics in an understandable and readable form. You may embed our dashboards into your application.
                </div>
              </div>
            </div>
          </div>
        </div>
      </div>
    </div>
  </body>,
  "container": <div>
    <div
      class="row no-gutters"
      style="background: rgb(11, 61, 127); height: 250px; align-items: center;"
    >
      <div
        class="col-md-12"
      >
        <div
          class="row no-gutters"
        >
          <div
            class="col-md-12 mt-2"
          >
            <div
              class="row no-gutters justify-content-center m-3"
            >
              <div
                class="col-md-8 text-center"
              >
                <h2
                  class="text-white"
                >
                  Dashboards
                </h2>
              </div>
            </div>
            <div
              class="row no-gutters justify-content-center mb-2 text-white text-center"
            >
              <div
                class="col-md-8 col-11"
              >
                This is a powerful, flexible and easily customizable business intelligence tool for data analysis. Dashboards is the best solution for displaying metrics in an understandable and readable form. You may embed our dashboards into your application.
              </div>
            </div>
          </div>
        </div>
      </div>
    </div>
  </div>,
  "debug": [Function],
  "findAllByAltText": [Function],
  "findAllByDisplayValue": [Function],
  "findAllByLabelText": [Function],
  "findAllByPlaceholderText": [Function],
  "findAllByRole": [Function],
  "findAllByTestId": [Function],
  "findAllByText": [Function],
  "findAllByTitle": [Function],
  "findByAltText": [Function],
  "findByDisplayValue": [Function],
  "findByLabelText": [Function],
  "findByPlaceholderText": [Function],
  "findByRole": [Function],
  "findByTestId": [Function],
  "findByText": [Function],
  "findByTitle": [Function],
  "getAllByAltText": [Function],
  "getAllByDisplayValue": [Function],
  "getAllByLabelText": [Function],
  "getAllByPlaceholderText": [Function],
  "getAllByRole": [Function],
  "getAllByTestId": [Function],
  "getAllByText": [Function],
  "getAllByTitle": [Function],
  "getByAltText": [Function],
  "getByDisplayValue": [Function],
  "getByLabelText": [Function],
  "getByPlaceholderText": [Function],
  "getByRole": [Function],
  "getByTestId": [Function],
  "getByText": [Function],
  "getByTitle": [Function],
  "queryAllByAltText": [Function],
  "queryAllByDisplayValue": [Function],
  "queryAllByLabelText": [Function],
  "queryAllByPlaceholderText": [Function],
  "queryAllByRole": [Function],
  "queryAllByTestId": [Function],
  "queryAllByText": [Function],
  "queryAllByTitle": [Function],
  "queryByAltText": [Function],
  "queryByDisplayValue": [Function],
  "queryByLabelText": [Function],
  "queryByPlaceholderText": [Function],
  "queryByRole": [Function],
  "queryByTestId": [Function],
  "queryByText": [Function],
  "queryByTitle": [Function],
  "rerender": [Function],
  "unmount": [Function],
}
`;
